使用计算设备 (Using Device): mps
初始化模型参数总数 (Model Parameters): 69,004
开始时空自动化研究实验流水线 (Commencing Spatio-Temporal Experiment Pipeline)...
Epoch 1 | Step 50 | Loss: 0.1822 | Time Used: 4.4s / 900s
Epoch 1 | Step 100 | Loss: 0.1706 | Time Used: 8.5s / 900s
Epoch 1 | Step 150 | Loss: 0.1680 | Time Used: 12.6s / 900s
Epoch 2 | Step 200 | Loss: 0.1689 | Time Used: 16.6s / 900s
Epoch 2 | Step 250 | Loss: 0.1659 | Time Used: 20.7s / 900s
Epoch 2 | Step 300 | Loss: 0.1565 | Time Used: 24.8s / 900s
Epoch 3 | Step 350 | Loss: 0.1753 | Time Used: 28.9s / 900s
Epoch 3 | Step 400 | Loss: 0.1683 | Time Used: 33.0s / 900s
Epoch 3 | Step 450 | Loss: 0.1530 | Time Used: 37.1s / 900s
Epoch 4 | Step 500 | Loss: 0.1597 | Time Used: 41.2s / 900s
Epoch 4 | Step 550 | Loss: 0.1750 | Time Used: 45.3s / 900s
Epoch 4 | Step 600 | Loss: 0.1637 | Time Used: 49.4s / 900s
Epoch 5 | Step 650 | Loss: 0.1543 | Time Used: 53.4s / 900s
Epoch 5 | Step 700 | Loss: 0.1520 | Time Used: 57.5s / 900s
Epoch 5 | Step 750 | Loss: 0.1630 | Time Used: 61.6s / 900s
Epoch 6 | Step 800 | Loss: 0.1493 | Time Used: 65.7s / 900s
Epoch 6 | Step 850 | Loss: 0.1541 | Time Used: 69.9s / 900s
Epoch 6 | Step 900 | Loss: 0.1600 | Time Used: 74.0s / 900s
Epoch 6 | Step 950 | Loss: 0.1547 | Time Used: 78.1s / 900s
Epoch 7 | Step 1000 | Loss: 0.1452 | Time Used: 82.3s / 900s
Epoch 7 | Step 1050 | Loss: 0.1498 | Time Used: 86.5s / 900s
Epoch 7 | Step 1100 | Loss: 0.1473 | Time Used: 90.6s / 900s
Epoch 8 | Step 1150 | Loss: 0.1568 | Time Used: 94.8s / 900s
Epoch 8 | Step 1200 | Loss: 0.1487 | Time Used: 99.0s / 900s
Epoch 8 | Step 1250 | Loss: 0.1445 | Time Used: 103.1s / 900s
Epoch 9 | Step 1300 | Loss: 0.1629 | Time Used: 107.3s / 900s
Epoch 9 | Step 1350 | Loss: 0.1692 | Time Used: 111.5s / 900s
Epoch 9 | Step 1400 | Loss: 0.1518 | Time Used: 115.7s / 900s
Epoch 10 | Step 1450 | Loss: 0.1578 | Time Used: 119.8s / 900s
Epoch 10 | Step 1500 | Loss: 0.1706 | Time Used: 124.0s / 900s
Epoch 10 | Step 1550 | Loss: 0.1535 | Time Used: 128.2s / 900s
Epoch 11 | Step 1600 | Loss: 0.1547 | Time Used: 132.4s / 900s
Epoch 11 | Step 1650 | Loss: 0.1427 | Time Used: 136.6s / 900s
Epoch 11 | Step 1700 | Loss: 0.1505 | Time Used: 140.8s / 900s
Epoch 12 | Step 1750 | Loss: 0.1693 | Time Used: 145.0s / 900s
Epoch 12 | Step 1800 | Loss: 0.1587 | Time Used: 149.2s / 900s
Epoch 12 | Step 1850 | Loss: 0.1578 | Time Used: 153.4s / 900s
Epoch 12 | Step 1900 | Loss: 0.1541 | Time Used: 157.8s / 900s
Epoch 13 | Step 1950 | Loss: 0.1526 | Time Used: 162.2s / 900s
Epoch 13 | Step 2000 | Loss: 0.1464 | Time Used: 166.6s / 900s
Epoch 13 | Step 2050 | Loss: 0.1519 | Time Used: 171.1s / 900s
Epoch 14 | Step 2100 | Loss: 0.1505 | Time Used: 175.8s / 900s
Epoch 14 | Step 2150 | Loss: 0.1484 | Time Used: 180.6s / 900s
Epoch 14 | Step 2200 | Loss: 0.1465 | Time Used: 185.6s / 900s
Epoch 15 | Step 2250 | Loss: 0.1512 | Time Used: 190.7s / 900s
Epoch 15 | Step 2300 | Loss: 0.1483 | Time Used: 196.0s / 900s
Epoch 15 | Step 2350 | Loss: 0.1293 | Time Used: 201.5s / 900s
Epoch 16 | Step 2400 | Loss: 0.1544 | Time Used: 207.0s / 900s
Epoch 16 | Step 2450 | Loss: 0.1572 | Time Used: 212.7s / 900s
Epoch 16 | Step 2500 | Loss: 0.1442 | Time Used: 218.6s / 900s
Epoch 17 | Step 2550 | Loss: 0.1561 | Time Used: 224.3s / 900s
Epoch 17 | Step 2600 | Loss: 0.1544 | Time Used: 230.1s / 900s
Epoch 17 | Step 2650 | Loss: 0.1460 | Time Used: 235.9s / 900s
Epoch 17 | Step 2700 | Loss: 0.1458 | Time Used: 241.6s / 900s
Epoch 18 | Step 2750 | Loss: 0.1486 | Time Used: 247.3s / 900s
Epoch 18 | Step 2800 | Loss: 0.1459 | Time Used: 252.8s / 900s
Epoch 18 | Step 2850 | Loss: 0.1480 | Time Used: 258.3s / 900s
Epoch 19 | Step 2900 | Loss: 0.1469 | Time Used: 263.7s / 900s
Epoch 19 | Step 2950 | Loss: 0.1618 | Time Used: 269.0s / 900s
Epoch 19 | Step 3000 | Loss: 0.1452 | Time Used: 274.2s / 900s
Epoch 20 | Step 3050 | Loss: 0.1454 | Time Used: 279.3s / 900s
Epoch 20 | Step 3100 | Loss: 0.1676 | Time Used: 284.3s / 900s
Epoch 20 | Step 3150 | Loss: 0.1435 | Time Used: 289.3s / 900s
Epoch 21 | Step 3200 | Loss: 0.1581 | Time Used: 294.3s / 900s
Epoch 21 | Step 3250 | Loss: 0.1421 | Time Used: 299.3s / 900s
Epoch 21 | Step 3300 | Loss: 0.1493 | Time Used: 304.2s / 900s
Epoch 22 | Step 3350 | Loss: 0.1535 | Time Used: 309.2s / 900s
Epoch 22 | Step 3400 | Loss: 0.1580 | Time Used: 314.1s / 900s
Epoch 22 | Step 3450 | Loss: 0.1583 | Time Used: 319.0s / 900s
Epoch 23 | Step 3500 | Loss: 0.1502 | Time Used: 323.9s / 900s
Epoch 23 | Step 3550 | Loss: 0.1444 | Time Used: 328.7s / 900s
Epoch 23 | Step 3600 | Loss: 0.1396 | Time Used: 333.6s / 900s
Epoch 23 | Step 3650 | Loss: 0.1537 | Time Used: 338.5s / 900s
Epoch 24 | Step 3700 | Loss: 0.1349 | Time Used: 343.3s / 900s
Epoch 24 | Step 3750 | Loss: 0.1466 | Time Used: 348.2s / 900s
Epoch 24 | Step 3800 | Loss: 0.1525 | Time Used: 353.0s / 900s
Epoch 25 | Step 3850 | Loss: 0.1470 | Time Used: 357.8s / 900s
Epoch 25 | Step 3900 | Loss: 0.1543 | Time Used: 362.6s / 900s
Epoch 25 | Step 3950 | Loss: 0.1434 | Time Used: 367.4s / 900s
Epoch 26 | Step 4000 | Loss: 0.1513 | Time Used: 372.2s / 900s
Epoch 26 | Step 4050 | Loss: 0.1496 | Time Used: 376.9s / 900s
Epoch 26 | Step 4100 | Loss: 0.1553 | Time Used: 381.7s / 900s
Epoch 27 | Step 4150 | Loss: 0.1498 | Time Used: 386.5s / 900s
Epoch 27 | Step 4200 | Loss: 0.1502 | Time Used: 391.2s / 900s
Epoch 27 | Step 4250 | Loss: 0.1474 | Time Used: 396.0s / 900s
Epoch 28 | Step 4300 | Loss: 0.1496 | Time Used: 400.7s / 900s
Epoch 28 | Step 4350 | Loss: 0.1390 | Time Used: 405.4s / 900s
Epoch 28 | Step 4400 | Loss: 0.1569 | Time Used: 410.2s / 900s
Epoch 28 | Step 4450 | Loss: 0.1443 | Time Used: 414.9s / 900s
Epoch 29 | Step 4500 | Loss: 0.1588 | Time Used: 419.6s / 900s
Epoch 29 | Step 4550 | Loss: 0.1523 | Time Used: 424.3s / 900s
Epoch 29 | Step 4600 | Loss: 0.1492 | Time Used: 429.0s / 900s
Epoch 30 | Step 4650 | Loss: 0.1434 | Time Used: 433.7s / 900s
Epoch 30 | Step 4700 | Loss: 0.1407 | Time Used: 438.6s / 900s
Epoch 30 | Step 4750 | Loss: 0.1494 | Time Used: 443.3s / 900s
Epoch 31 | Step 4800 | Loss: 0.1409 | Time Used: 448.0s / 900s
Epoch 31 | Step 4850 | Loss: 0.1494 | Time Used: 452.6s / 900s
Epoch 31 | Step 4900 | Loss: 0.1492 | Time Used: 457.4s / 900s
Epoch 32 | Step 4950 | Loss: 0.1537 | Time Used: 462.1s / 900s
Epoch 32 | Step 5000 | Loss: 0.1425 | Time Used: 466.7s / 900s
Epoch 32 | Step 5050 | Loss: 0.1503 | Time Used: 471.5s / 900s
Epoch 33 | Step 5100 | Loss: 0.1520 | Time Used: 476.1s / 900s
Epoch 33 | Step 5150 | Loss: 0.1473 | Time Used: 480.8s / 900s
Epoch 33 | Step 5200 | Loss: 0.1454 | Time Used: 485.5s / 900s
Epoch 34 | Step 5250 | Loss: 0.1598 | Time Used: 490.2s / 900s
Epoch 34 | Step 5300 | Loss: 0.1383 | Time Used: 494.9s / 900s
Epoch 34 | Step 5350 | Loss: 0.1571 | Time Used: 499.6s / 900s
Epoch 34 | Step 5400 | Loss: 0.1484 | Time Used: 504.3s / 900s
Epoch 35 | Step 5450 | Loss: 0.1394 | Time Used: 509.0s / 900s
Epoch 35 | Step 5500 | Loss: 0.1386 | Time Used: 513.8s / 900s
Epoch 35 | Step 5550 | Loss: 0.1510 | Time Used: 518.5s / 900s
Epoch 36 | Step 5600 | Loss: 0.1428 | Time Used: 523.1s / 900s
Epoch 36 | Step 5650 | Loss: 0.1516 | Time Used: 527.8s / 900s
Epoch 36 | Step 5700 | Loss: 0.1451 | Time Used: 532.5s / 900s
Epoch 37 | Step 5750 | Loss: 0.1361 | Time Used: 537.2s / 900s
Epoch 37 | Step 5800 | Loss: 0.1668 | Time Used: 541.9s / 900s
Epoch 37 | Step 5850 | Loss: 0.1396 | Time Used: 546.7s / 900s
Epoch 38 | Step 5900 | Loss: 0.1452 | Time Used: 551.4s / 900s
Epoch 38 | Step 5950 | Loss: 0.1455 | Time Used: 556.1s / 900s
Epoch 38 | Step 6000 | Loss: 0.1504 | Time Used: 560.8s / 900s
Epoch 39 | Step 6050 | Loss: 0.1369 | Time Used: 565.5s / 900s
Epoch 39 | Step 6100 | Loss: 0.1513 | Time Used: 570.2s / 900s
Epoch 39 | Step 6150 | Loss: 0.1556 | Time Used: 574.9s / 900s
Epoch 39 | Step 6200 | Loss: 0.1404 | Time Used: 579.7s / 900s
Epoch 40 | Step 6250 | Loss: 0.1523 | Time Used: 584.4s / 900s
Epoch 40 | Step 6300 | Loss: 0.1559 | Time Used: 589.0s / 900s
Epoch 40 | Step 6350 | Loss: 0.1427 | Time Used: 593.7s / 900s
Epoch 41 | Step 6400 | Loss: 0.1381 | Time Used: 598.4s / 900s
Epoch 41 | Step 6450 | Loss: 0.1507 | Time Used: 603.1s / 900s
Epoch 41 | Step 6500 | Loss: 0.1338 | Time Used: 607.8s / 900s
Epoch 42 | Step 6550 | Loss: 0.1535 | Time Used: 612.5s / 900s
Epoch 42 | Step 6600 | Loss: 0.1507 | Time Used: 617.2s / 900s
Epoch 42 | Step 6650 | Loss: 0.1425 | Time Used: 621.9s / 900s
Epoch 43 | Step 6700 | Loss: 0.1402 | Time Used: 626.7s / 900s
Epoch 43 | Step 6750 | Loss: 0.1283 | Time Used: 631.5s / 900s
Epoch 43 | Step 6800 | Loss: 0.1397 | Time Used: 636.2s / 900s
Epoch 44 | Step 6850 | Loss: 0.1552 | Time Used: 640.9s / 900s
Epoch 44 | Step 6900 | Loss: 0.1512 | Time Used: 645.6s / 900s
Epoch 44 | Step 6950 | Loss: 0.1575 | Time Used: 650.3s / 900s
Epoch 45 | Step 7000 | Loss: 0.1451 | Time Used: 655.0s / 900s
Epoch 45 | Step 7050 | Loss: 0.1460 | Time Used: 659.7s / 900s
Epoch 45 | Step 7100 | Loss: 0.1551 | Time Used: 664.4s / 900s
Epoch 45 | Step 7150 | Loss: 0.1601 | Time Used: 669.1s / 900s
Epoch 46 | Step 7200 | Loss: 0.1417 | Time Used: 673.8s / 900s
Epoch 46 | Step 7250 | Loss: 0.1478 | Time Used: 678.5s / 900s
Epoch 46 | Step 7300 | Loss: 0.1464 | Time Used: 683.2s / 900s
Epoch 47 | Step 7350 | Loss: 0.1469 | Time Used: 688.0s / 900s
Epoch 47 | Step 7400 | Loss: 0.1591 | Time Used: 692.7s / 900s
Epoch 47 | Step 7450 | Loss: 0.1492 | Time Used: 697.4s / 900s
Epoch 48 | Step 7500 | Loss: 0.1356 | Time Used: 702.1s / 900s
Epoch 48 | Step 7550 | Loss: 0.1431 | Time Used: 706.8s / 900s
Epoch 48 | Step 7600 | Loss: 0.1425 | Time Used: 711.5s / 900s
Epoch 49 | Step 7650 | Loss: 0.1380 | Time Used: 716.2s / 900s
Epoch 49 | Step 7700 | Loss: 0.1373 | Time Used: 720.9s / 900s
Epoch 49 | Step 7750 | Loss: 0.1551 | Time Used: 725.6s / 900s
Epoch 50 | Step 7800 | Loss: 0.1518 | Time Used: 730.3s / 900s
Epoch 50 | Step 7850 | Loss: 0.1484 | Time Used: 735.0s / 900s
Epoch 50 | Step 7900 | Loss: 0.1547 | Time Used: 739.7s / 900s
Epoch 50 | Step 7950 | Loss: 0.1426 | Time Used: 744.4s / 900s
Epoch 51 | Step 8000 | Loss: 0.1489 | Time Used: 749.1s / 900s
Epoch 51 | Step 8050 | Loss: 0.1445 | Time Used: 753.9s / 900s
Epoch 51 | Step 8100 | Loss: 0.1487 | Time Used: 758.6s / 900s
Epoch 52 | Step 8150 | Loss: 0.1450 | Time Used: 763.3s / 900s
Epoch 52 | Step 8200 | Loss: 0.1376 | Time Used: 768.0s / 900s
Epoch 52 | Step 8250 | Loss: 0.1559 | Time Used: 772.8s / 900s
Epoch 53 | Step 8300 | Loss: 0.1452 | Time Used: 777.5s / 900s
Epoch 53 | Step 8350 | Loss: 0.1528 | Time Used: 782.2s / 900s
Epoch 53 | Step 8400 | Loss: 0.1502 | Time Used: 787.0s / 900s
Epoch 54 | Step 8450 | Loss: 0.1380 | Time Used: 791.7s / 900s
Epoch 54 | Step 8500 | Loss: 0.1462 | Time Used: 796.4s / 900s
Epoch 54 | Step 8550 | Loss: 0.1441 | Time Used: 801.1s / 900s
Epoch 55 | Step 8600 | Loss: 0.1472 | Time Used: 805.8s / 900s
Epoch 55 | Step 8650 | Loss: 0.1340 | Time Used: 810.5s / 900s
Epoch 55 | Step 8700 | Loss: 0.1450 | Time Used: 815.2s / 900s
Epoch 56 | Step 8750 | Loss: 0.1382 | Time Used: 819.9s / 900s
Epoch 56 | Step 8800 | Loss: 0.1388 | Time Used: 824.6s / 900s
Epoch 56 | Step 8850 | Loss: 0.1435 | Time Used: 829.4s / 900s
Epoch 56 | Step 8900 | Loss: 0.1466 | Time Used: 834.1s / 900s
Epoch 57 | Step 8950 | Loss: 0.1417 | Time Used: 838.8s / 900s
Epoch 57 | Step 9000 | Loss: 0.1562 | Time Used: 843.5s / 900s
Epoch 57 | Step 9050 | Loss: 0.1348 | Time Used: 848.3s / 900s
Epoch 58 | Step 9100 | Loss: 0.1463 | Time Used: 853.0s / 900s
Epoch 58 | Step 9150 | Loss: 0.1430 | Time Used: 857.7s / 900s
Epoch 58 | Step 9200 | Loss: 0.1312 | Time Used: 862.4s / 900s
Epoch 59 | Step 9250 | Loss: 0.1358 | Time Used: 867.2s / 900s
Epoch 59 | Step 9300 | Loss: 0.1558 | Time Used: 872.0s / 900s
Epoch 59 | Step 9350 | Loss: 0.1491 | Time Used: 876.7s / 900s
Epoch 60 | Step 9400 | Loss: 0.1363 | Time Used: 881.4s / 900s
Epoch 60 | Step 9450 | Loss: 0.1529 | Time Used: 886.1s / 900s
Epoch 60 | Step 9500 | Loss: 0.1410 | Time Used: 890.8s / 900s
Epoch 61 | Step 9550 | Loss: 0.1505 | Time Used: 895.5s / 900s
达到强制时间预算上限 (Forced time budget reached). 停止训练序列流.

--- 训练进程关闭 (Training Closed), 启动验证 (Commencing Verification) ---
---
val_mae:          23.721385
vs_DCRNN_%:  +1.57%
val_rmse:         38.034751
training_seconds: 900.1
total_seconds:    905.5
peak_vram_mb:     2414.8
num_steps:        9599
num_params_M:     0.069004
